# Generated by Home Manager.

<C-n> = :next-tab<Enter>
<C-p> = :prev-tab<Enter>
<C-t> = :term<Enter>

[compose::editor]
$ex = <C-x>
$noinherit = true
<C-k> = :prev-field<Enter>

[messages]
j = :next<Enter>
q = :quit<Enter>

[messages:account=d_imap-passcmd-notls-starttls-extraBinds]
d = :move Trash<Enter>
